{"gamma_nishikawa_L1": 0.0007239027879134913, "vos_vte": 0.3, "kj": 2, "k_lD": 0.0099345882657961, "b": 0.00298037647973883, "gamma_floquet": 0.0007251130584892795, "omega_floquet": 9.424311657243254e-16, "gamma_fixed_ions": 5.300924469105853e-16, "gamma_nishikawa": 0.0007242219438214783, "omega_nishikawa": 0.0}
{"gamma_nishikawa_L1": 0.0013040607011226646, "vos_vte": 0.3, "kj": 5, "k_lD": 0.02483647066449025, "b": 0.007450941199347075, "gamma_floquet": 0.0013071576714171213, "omega_floquet": 2.26863958742394e-13, "gamma_fixed_ions": 6.9618808027588786e-15, "gamma_nishikawa": 0.0013043488448715684, "omega_nishikawa": 0.0}
{"gamma_nishikawa_L1": 0.001587148487584072, "vos_vte": 0.3, "kj": 8, "k_lD": 0.0397383530631844, "b": 0.01192150591895532, "gamma_floquet": 0.0015899705363261766, "omega_floquet": 5.742325095811841e-13, "gamma_fixed_ions": 8.495614949151393e-14, "gamma_nishikawa": 0.0015840023963866595, "omega_nishikawa": 0.0}
{"gamma_nishikawa_L1": 0.0013067528149311193, "vos_vte": 0.3, "kj": 12, "k_lD": 0.0596075295947766, "b": 0.01788225887843298, "gamma_floquet": 0.0013124488487392455, "omega_floquet": 4.527770225627062e-13, "gamma_fixed_ions": 1.0700799528298102e-13, "gamma_nishikawa": 0.0012954972524545371, "omega_nishikawa": 0.0}
{"gamma_nishikawa_L1": 0.0, "vos_vte": 0.3, "kj": 20, "k_lD": 0.099345882657961, "b": 0.0298037647973883, "gamma_floquet": 6.127868686285196e-14, "omega_floquet": 0.1910614237542335, "gamma_fixed_ions": 4.5799987413068055e-14, "gamma_nishikawa": 0.0, "omega_nishikawa": 0.0}
{"gamma_nishikawa_L1": 0.0, "vos_vte": 0.3, "kj": 30, "k_lD": 0.1490188239869415, "b": 0.04470564719608245, "gamma_floquet": 5.795677419555636e-15, "omega_floquet": 0.3951518643111007, "gamma_fixed_ions": 4.664813532813089e-15, "gamma_nishikawa": 0.0, "omega_nishikawa": 0.0}
{"gamma_nishikawa_L1": 0.0014629900118571047, "vos_vte": 1.0, "kj": 2, "k_lD": 0.0099345882657961, "b": 0.0099345882657961, "gamma_floquet": 0.0014735756003299734, "omega_floquet": -7.002463926751198e-13, "gamma_fixed_ions": 4.947529504498796e-16, "gamma_nishikawa": 0.0014731808057859973, "omega_nishikawa": 0.0}
{"gamma_nishikawa_L1": 0.002889023263516891, "vos_vte": 1.0, "kj": 5, "k_lD": 0.02483647066449025, "b": 0.02483647066449025, "gamma_floquet": 0.0029312650105187197, "omega_floquet": -8.923513457203827e-13, "gamma_fixed_ions": 7.59940531889202e-13, "gamma_nishikawa": 0.002929849149432096, "omega_nishikawa": 0.0}
{"gamma_nishikawa_L1": 0.004255242871695574, "vos_vte": 1.0, "kj": 8, "k_lD": 0.0397383530631844, "b": 0.0397383530631844, "gamma_floquet": 0.004308320247302236, "omega_floquet": 9.183674640878555e-14, "gamma_fixed_ions": 1.7407529166519237e-12, "gamma_nishikawa": 0.004305632824707202, "omega_nishikawa": 0.0}
{"gamma_nishikawa_L1": 0.0057678829141675604, "vos_vte": 1.0, "kj": 12, "k_lD": 0.0596075295947766, "b": 0.0596075295947766, "gamma_floquet": 0.005785884771851644, "omega_floquet": 3.9080328836683034e-13, "gamma_fixed_ions": 8.103699933383803e-13, "gamma_nishikawa": 0.005780726527478496, "omega_nishikawa": 0.0}
{"gamma_nishikawa_L1": 0.007237642735321834, "vos_vte": 1.0, "kj": 20, "k_lD": 0.099345882657961, "b": 0.099345882657961, "gamma_floquet": 0.007057845409660288, "omega_floquet": 3.095171930744848e-14, "gamma_fixed_ions": 4.4386407554584517e-13, "gamma_nishikawa": 0.0070436229692070335, "omega_nishikawa": 0.0}
{"gamma_nishikawa_L1": 0.006482711705895987, "vos_vte": 1.0, "kj": 30, "k_lD": 0.1490188239869415, "b": 0.1490188239869415, "gamma_floquet": 0.006106227648857377, "omega_floquet": 9.032512632326816e-16, "gamma_fixed_ions": 5.477621951408448e-14, "gamma_nishikawa": 0.006076205593086187, "omega_nishikawa": 0.0}
{"gamma_nishikawa_L1": 0.002421909235181972, "vos_vte": 3.0, "kj": 2, "k_lD": 0.0099345882657961, "b": 0.0298037647973883, "gamma_floquet": 0.00261508518303622, "omega_floquet": -4.129062703342363e-12, "gamma_fixed_ions": 1.1753209732858118e-12, "gamma_nishikawa": 0.0026149933646067193, "omega_nishikawa": 0.0}
{"gamma_nishikawa_L1": 0.0042596588370795215, "vos_vte": 3.0, "kj": 5, "k_lD": 0.02483647066449025, "b": 0.07450941199347075, "gamma_floquet": 0.005299667334764957, "omega_floquet": -3.881172502019195e-12, "gamma_fixed_ions": 2.0878927903812606e-12, "gamma_nishikawa": 0.005299231217899735, "omega_nishikawa": 0.0}
{"gamma_nishikawa_L1": 0.00611893626042425, "vos_vte": 3.0, "kj": 8, "k_lD": 0.0397383530631844, "b": 0.1192150591895532, "gamma_floquet": 0.008038848360728375, "omega_floquet": -1.3890040111731443e-12, "gamma_fixed_ions": 1.6137074268770254e-12, "gamma_nishikawa": 0.008038032138904132, "omega_nishikawa": 0.0}
{"gamma_nishikawa_L1": 0.008700634703874928, "vos_vte": 3.0, "kj": 12, "k_lD": 0.0596075295947766, "b": 0.1788225887843298, "gamma_floquet": 0.011519005860317082, "omega_floquet": -2.646699639596726e-13, "gamma_fixed_ions": 6.566785232314794e-13, "gamma_nishikawa": 0.011517582703128802, "omega_nishikawa": 0.0}
{"gamma_nishikawa_L1": 0.013962077421812583, "vos_vte": 3.0, "kj": 20, "k_lD": 0.099345882657961, "b": 0.298037647973883, "gamma_floquet": 0.017219218964487894, "omega_floquet": -9.292680223830501e-15, "gamma_fixed_ions": 4.51780122753021e-13, "gamma_nishikawa": 0.01721584467727682, "omega_nishikawa": 0.0}
{"gamma_nishikawa_L1": 0.020168944012360742, "vos_vte": 3.0, "kj": 30, "k_lD": 0.1490188239869415, "b": 0.4470564719608245, "gamma_floquet": 0.02098351967837662, "omega_floquet": -9.992171508315626e-16, "gamma_fixed_ions": 7.3046739184262e-14, "gamma_nishikawa": 0.020975008924161116, "omega_nishikawa": 0.0}
{"gamma_nishikawa_L1": 0.0, "vos_vte": 10.0, "kj": 2, "k_lD": 0.0099345882657961, "b": 0.09934588265796099, "gamma_floquet": 0.004747240451595614, "omega_floquet": -1.136076563161927e-11, "gamma_fixed_ions": 1.7538638698387015e-12, "gamma_nishikawa": 0.004747235426223707, "omega_nishikawa": 0.0}
{"gamma_nishikawa_L1": 0.0, "vos_vte": 10.0, "kj": 5, "k_lD": 0.02483647066449025, "b": 0.24836470664490248, "gamma_floquet": 0.009586027982550205, "omega_floquet": -8.310065385767442e-12, "gamma_fixed_ions": 1.2150072278108862e-12, "gamma_nishikawa": 0.009585986544786413, "omega_nishikawa": 0.0}
{"gamma_nishikawa_L1": 0.0, "vos_vte": 10.0, "kj": 8, "k_lD": 0.0397383530631844, "b": 0.39738353063184395, "gamma_floquet": 0.01457962560086269, "omega_floquet": -4.543041147009733e-12, "gamma_fixed_ions": 1.251548267150973e-12, "gamma_nishikawa": 0.01457954132804051, "omega_nishikawa": 0.0}
{"gamma_nishikawa_L1": 0.0, "vos_vte": 10.0, "kj": 12, "k_lD": 0.0596075295947766, "b": 0.596075295947766, "gamma_floquet": 0.02104959947254229, "omega_floquet": -1.3379918987073761e-12, "gamma_fixed_ions": 3.6318400512625854e-13, "gamma_nishikawa": 0.02104941879429633, "omega_nishikawa": 0.0}
{"gamma_nishikawa_L1": 0.0, "vos_vte": 10.0, "kj": 20, "k_lD": 0.099345882657961, "b": 0.9934588265796099, "gamma_floquet": 0.03221178965802617, "omega_floquet": -1.556974771433165e-13, "gamma_fixed_ions": 2.4490271047267195e-14, "gamma_nishikawa": 0.032210428431595356, "omega_nishikawa": 0.0}
{"gamma_nishikawa_L1": 0.0, "vos_vte": 10.0, "kj": 30, "k_lD": 0.1490188239869415, "b": 1.4901882398694148, "gamma_floquet": 0.04023761850582374, "omega_floquet": -2.923110957814846e-14, "gamma_fixed_ions": -5.389273210257717e-15, "gamma_nishikawa": 0.04023476638845451, "omega_nishikawa": 0.0}
[{"kj": 5, "vos": 3.0, "Nn": 32, "gamma": 0.005300313247116124}, {"kj": 5, "vos": 3.0, "Nn": 64, "gamma": 0.005299667334764957}, {"kj": 5, "vos": 3.0, "Nn": 128, "gamma": 0.005299342075689093}, {"kj": 12, "vos": 10.0, "Nn": 32, "gamma": 0.02105013593461731}, {"kj": 12, "vos": 10.0, "Nn": 64, "gamma": 0.02104959947254229}, {"kj": 12, "vos": 10.0, "Nn": 128, "gamma": 0.021049478766624722}]
{"detune": [{"w0": 0.9, "floquet": [0.006659408795899619, 3.713896022587243e-14], "nish": [0.006652407475959771, 0.0]}, {"w0": 0.97, "floquet": [0.010496650831842804, 2.0580744691903204e-13], "nish": [0.010493596569284046, 0.0]}, {"w0": 1.0, "floquet": [0.011519005860317082, -2.646699639596726e-13], "nish": [0.011517582703128802, 0.0]}, {"w0": 1.003, "floquet": [0.009748447786450497, -1.033333016986459e-12], "nish": [0.00974656569841446, 0.0]}, {"w0": 1.01, "floquet": [0.007698860393870126, -0.008716504401588316], "nish": [0.0, 0.0]}, {"w0": 1.05, "floquet": [8.876238995760118e-13, -0.04342139319118864], "nish": [0.0, 0.0]}, {"w0": 1.2, "floquet": [9.41613815293891e-13, -0.1943526416512922], "nish": [0.0, 0.0]}], "tau": [{"tau": 0.1, "floquet": [0.01163528028741447, -2.667402876077068e-13], "nish": [0.011633869668080563, 0.0]}, {"tau": 1.0, "floquet": [0.011519005860317082, -2.646699639596726e-13], "nish": [0.011517582703128802, 0.0]}, {"tau": 3.0, "floquet": [0.011279535148574715, -2.5443468050528e-13], "nish": [0.011278090852417084, 0.0]}], "mass": [{"mi": 100.0, "floquet": [0.02687468149161649, -6.951317375483796e-13], "nish": [0.026873949653296845, 0.0]}, {"mi": 400.0, "floquet": [0.0174941312440757, -6.168427495104492e-13], "nish": [0.017492511869504315, 0.0]}, {"mi": 1836.0, "floquet": [0.011519005860317082, -2.646699639596726e-13], "nish": [0.011517582703128802, 0.0]}]}
2 2.611237532429793
5 6.409805087247098
8 9.903384515044937
12 13.764905590439692
20 16.716935398868678
