128 0.0 2 {'status': 'success', 'R': 0.7638518535828311, 'erased_fraction': -1.380013146192547, 'env_ratio_t65p6': 1.5525098655364367, 'first_t_logenv_dev_gt_0p1': 48.6, 'steps': 2549, 'rejected': 199, 'run_time': 2.41185224999208}
128 0.25 2 {'status': 'success', 'R': 0.36078607535064655, 'erased_fraction': -0.12413892598434328, 'env_ratio_t65p6': 1.0389865495030106, 'first_t_logenv_dev_gt_0p1': 87.75, 'steps': 2232, 'rejected': 177, 'run_time': 2.101761666999664}
128 0.5 2 {'status': 'success', 'R': 0.2586672379872792, 'erased_fraction': 0.19404342083948045, 'env_ratio_t65p6': 0.9387898704182411, 'first_t_logenv_dev_gt_0p1': 71.3, 'steps': 2233, 'rejected': 195, 'run_time': 2.1042626669513993}
128 1.0 2 {'status': 'success', 'R': 0.2092796683893591, 'erased_fraction': 0.34792543912642426, 'env_ratio_t65p6': 0.8939913137075659, 'first_t_logenv_dev_gt_0p1': 62.75, 'steps': 2263, 'rejected': 241, 'run_time': 2.1329120420268737}
128 2.0 2 {'status': 'success', 'R': 0.21347101382133118, 'erased_fraction': 0.3348660256007021, 'env_ratio_t65p6': 0.8977479434872658, 'first_t_logenv_dev_gt_0p1': 63.050000000000004, 'steps': 2224, 'rejected': 249, 'run_time': 2.105762584018521}
128 4.0 2 {'status': 'success', 'R': 0.23436644391857614, 'erased_fraction': 0.26975994764392774, 'env_ratio_t65p6': 0.9162986870537766, 'first_t_logenv_dev_gt_0p1': 65.9, 'steps': 1980, 'rejected': 142, 'run_time': 1.8901747079798952}
128 0.25 3 {'status': 'success', 'R': 0.47922618654974475, 'erased_fraction': -0.49317517348203044, 'env_ratio_t65p6': 1.1691602233364022, 'first_t_logenv_dev_gt_0p1': 51.6, 'steps': 2260, 'rejected': 176, 'run_time': 2.1704304160084575}
128 0.5 3 {'status': 'success', 'R': 0.34859649078351435, 'erased_fraction': -0.0861585618858296, 'env_ratio_t65p6': 1.026685997639798, 'first_t_logenv_dev_gt_0p1': None, 'steps': 2231, 'rejected': 187, 'run_time': 2.1416772079537623}
128 1.0 3 {'status': 'success', 'R': 0.26649128989334736, 'erased_fraction': 0.16966520364253046, 'env_ratio_t65p6': 0.9464598646186823, 'first_t_logenv_dev_gt_0p1': None, 'steps': 2292, 'rejected': 224, 'run_time': 2.182867042021826}
128 2.0 3 {'status': 'success', 'R': 0.21066624876780354, 'erased_fraction': 0.34360512555583933, 'env_ratio_t65p6': 0.8954959787859639, 'first_t_logenv_dev_gt_0p1': 62.7, 'steps': 2209, 'rejected': 226, 'run_time': 2.115693708008621}
128 4.0 3 {'status': 'success', 'R': 0.1751709233917606, 'erased_fraction': 0.45420162489941684, 'env_ratio_t65p6': 0.8643820734057449, 'first_t_logenv_dev_gt_0p1': 57.2, 'steps': 2075, 'rejected': 181, 'run_time': 1.989678624959197}
512 0.0 2 {'status': 'success', 'R': 0.28363034276702886, 'erased_fraction': 0.1162632632514442, 'env_ratio_t65p6': 0.9633552111860716, 'first_t_logenv_dev_gt_0p1': 85.0, 'steps': 3522, 'rejected': 363, 'run_time': 10.451098082994577}
512 0.25 2 {'status': 'success', 'R': 0.29479602739567357, 'erased_fraction': 0.08147317132750975, 'env_ratio_t65p6': 0.974171505109953, 'first_t_logenv_dev_gt_0p1': None, 'steps': 3526, 'rejected': 336, 'run_time': 10.437951084051747}
512 0.5 2 {'status': 'success', 'R': 0.30118638538750836, 'erased_fraction': 0.061562064274348405, 'env_ratio_t65p6': 0.980416236405803, 'first_t_logenv_dev_gt_0p1': None, 'steps': 3458, 'rejected': 307, 'run_time': 10.228241250035353}
512 1.0 2 {'status': 'success', 'R': 0.29981348055785223, 'erased_fraction': 0.06583976750662646, 'env_ratio_t65p6': 0.9790701269127846, 'first_t_logenv_dev_gt_0p1': None, 'steps': 3344, 'rejected': 276, 'run_time': 9.876658125023823}
512 2.0 2 {'status': 'success', 'R': 0.29219663961719444, 'erased_fraction': 0.08957235581703415, 'env_ratio_t65p6': 0.9716390093794436, 'first_t_logenv_dev_gt_0p1': None, 'steps': 2928, 'rejected': 199, 'run_time': 8.66844574996503}
512 4.0 2 {'status': 'success', 'R': 0.28145957419723094, 'erased_fraction': 0.12302695402371566, 'env_ratio_t65p6': 0.9612582155279493, 'first_t_logenv_dev_gt_0p1': None, 'steps': 1950, 'rejected': 103, 'run_time': 5.802735707955435}
512 0.25 3 {'status': 'success', 'R': 0.28939758656005016, 'erased_fraction': 0.09829365830736247, 'env_ratio_t65p6': 0.9689271717347318, 'first_t_logenv_dev_gt_0p1': None, 'steps': 3523, 'rejected': 345, 'run_time': 10.392288959003054}
512 0.5 3 {'status': 'success', 'R': 0.29954652943550364, 'erased_fraction': 0.06667153505107948, 'env_ratio_t65p6': 0.9788108320041012, 'first_t_logenv_dev_gt_0p1': None, 'steps': 3525, 'rejected': 339, 'run_time': 10.393942792026792}
512 1.0 3 {'status': 'success', 'R': 0.30809970624554417, 'erased_fraction': 0.04002150709850838, 'env_ratio_t65p6': 0.9872186883502744, 'first_t_logenv_dev_gt_0p1': None, 'steps': 3443, 'rejected': 313, 'run_time': 9.996276083984412}
512 2.0 3 {'status': 'success', 'R': 0.30956619004099933, 'erased_fraction': 0.035452230090812886, 'env_ratio_t65p6': 0.9886675078299365, 'first_t_logenv_dev_gt_0p1': None, 'steps': 3232, 'rejected': 263, 'run_time': 8.824625207984354}
512 4.0 3 {'status': 'success', 'R': 0.3064210552240746, 'erased_fraction': 0.04525185573251078, 'env_ratio_t65p6': 0.9855629343241504, 'first_t_logenv_dev_gt_0p1': None, 'steps': 2635, 'rejected': 172, 'run_time': 7.715437875012867}
128 0.0 2 {'status': ['success', 'success'], 't_echo': 29.199999999999996, 'amp': 0.0010729702562639323, 'amp_rel_to_grid': -0.07400854907801957, 'max_k1_after_t20': 0.004260315702526199, 'steps': 5170, 'run_time': 7.482495333009865}
128 0.25 2 {'status': ['success', 'success'], 't_echo': 28.9, 'amp': 0.0006727083381650779, 'amp_rel_to_grid': -0.4194413438133866, 'max_k1_after_t20': 0.0018745914705636274, 'steps': 3930, 'run_time': 5.686446832958609}
128 0.5 2 {'status': ['success', 'success'], 't_echo': 28.749999999999996, 'amp': 0.0004417806592840539, 'amp_rel_to_grid': -0.6187358304747991, 'max_k1_after_t20': 0.000825083703053377, 'steps': 3252, 'run_time': 4.717062334006187}
128 1.0 2 {'status': ['success', 'success'], 't_echo': 28.549999999999997, 'amp': 0.00021254738666200645, 'amp_rel_to_grid': -0.8165680159204591, 'max_k1_after_t20': 0.0001600538442646383, 'steps': 2411, 'run_time': 3.4855199169251136}
128 2.0 2 {'status': ['success', 'success'], 't_echo': 25.599999999999998, 'amp': 9.147398018427082e-05, 'amp_rel_to_grid': -0.9210564103357534, 'max_k1_after_t20': 6.113788339701659e-06, 'steps': 1477, 'run_time': 2.15619616600452}
128 4.0 2 {'status': ['success', 'success'], 't_echo': 25.45, 'amp': 4.1839059513940546e-05, 'amp_rel_to_grid': -0.9638921850830925, 'max_k1_after_t20': 1.6282629030230303e-08, 'steps': 941, 'run_time': 1.3441299590631388}
128 0.25 3 {'status': ['success', 'success'], 't_echo': 28.999999999999996, 'amp': 0.0008954300150096448, 'amp_rel_to_grid': -0.22722877548815068, 'max_k1_after_t20': 0.0025158858427776366, 'steps': 4227, 'run_time': 6.12217845802661}
128 0.5 3 {'status': ['success', 'success'], 't_echo': 28.9, 'amp': 0.0007574199763484192, 'amp_rel_to_grid': -0.34633376949487293, 'max_k1_after_t20': 0.0014859282239372063, 'steps': 3709, 'run_time': 5.347846999997273}
128 1.0 3 {'status': ['success', 'success'], 't_echo': 28.749999999999996, 'amp': 0.0005550241191175382, 'amp_rel_to_grid': -0.5210048122415791, 'max_k1_after_t20': 0.0005186263247108442, 'steps': 3025, 'run_time': 4.371455376036465}
128 2.0 3 {'status': ['success', 'success'], 't_echo': 28.549999999999997, 'amp': 0.00033044696263478355, 'amp_rel_to_grid': -0.7148186908289504, 'max_k1_after_t20': 6.342358824993141e-05, 'steps': 2136, 'run_time': 3.044274125015363}
128 4.0 3 {'status': ['success', 'success'], 't_echo': 25.7, 'amp': 0.00016911777839663492, 'amp_rel_to_grid': -0.8540485012702155, 'max_k1_after_t20': 1.0227923086037441e-06, 'steps': 1264, 'run_time': 1.837004916043952}
512 0.0 2 {'status': ['success', 'success'], 't_echo': 29.049999999999997, 'amp': 0.0011587488444097733, 'amp_rel_to_grid': 1.9821076229886714e-05, 'max_k1_after_t20': 0.003762230594216378, 'steps': 3758, 'run_time': 17.59183391800616}
512 0.25 2 {'status': ['success', 'success'], 't_echo': 29.049999999999997, 'amp': 0.0011494917805785554, 'amp_rel_to_grid': -0.007969181338612685, 'max_k1_after_t20': 0.0006874433269210131, 'steps': 2755, 'run_time': 12.908836248971056}
512 0.5 2 {'status': ['success', 'success'], 't_echo': 29.049999999999997, 'amp': 0.0011403118195960056, 'amp_rel_to_grid': -0.01589164269298171, 'max_k1_after_t20': 0.00011733313250618035, 'steps': 2235, 'run_time': 10.490061125019565}
512 1.0 2 {'status': ['success', 'success'], 't_echo': 29.049999999999997, 'amp': 0.0011221956864746925, 'amp_rel_to_grid': -0.031526171512552326, 'max_k1_after_t20': 3.6305114727377597e-06, 'steps': 1811, 'run_time': 7.770821041951422}
512 2.0 2 {'status': ['success', 'success'], 't_echo': 28.999999999999996, 'amp': 0.0010873803275590725, 'amp_rel_to_grid': -0.061572414200489645, 'max_k1_after_t20': 3.072595088887516e-06, 'steps': 1569, 'run_time': 6.451313707977533}
512 4.0 2 {'status': ['success', 'success'], 't_echo': 28.999999999999996, 'amp': 0.0010214114773107697, 'amp_rel_to_grid': -0.1185046460125656, 'max_k1_after_t20': 2.171605293108649e-06, 'steps': 1458, 'run_time': 6.001379124994855}
512 0.25 3 {'status': ['success', 'success'], 't_echo': 29.049999999999997, 'amp': 0.0011585259974241037, 'amp_rel_to_grid': -0.0001724996357275188, 'max_k1_after_t20': 0.0012755904891117293, 'steps': 2998, 'run_time': 12.282372916000895}
512 0.5 3 {'status': ['success', 'success'], 't_echo': 29.049999999999997, 'amp': 0.001158299259992474, 'amp_rel_to_grid': -0.00036817786824827614, 'max_k1_after_t20': 0.00042223056931198894, 'steps': 2556, 'run_time': 10.573407709016465}
512 1.0 3 {'status': ['success', 'success'], 't_echo': 29.049999999999997, 'amp': 0.0011578422303135869, 'amp_rel_to_grid': -0.0007626021992085397, 'max_k1_after_t20': 4.028540950017064e-05, 'steps': 2021, 'run_time': 8.408860875060782}
512 2.0 3 {'status': ['success', 'success'], 't_echo': 29.049999999999997, 'amp': 0.0011569262978020024, 'amp_rel_to_grid': -0.0015530674244998988, 'max_k1_after_t20': 4.315839823616629e-06, 'steps': 1685, 'run_time': 6.9141959169646725}
512 4.0 3 {'status': ['success', 'success'], 't_echo': 29.049999999999997, 'amp': 0.0011550967328606157, 'amp_rel_to_grid': -0.003132012865662226, 'max_k1_after_t20': 4.366278992106102e-06, 'steps': 1473, 'run_time': 6.054428042029031}
DONE
