start 05:47:00 : .venv/bin/python -m pytest -q -n 2 tests
bringing up nodes...
bringing up nodes...

..........................................................               [100%]
=============================== warnings summary ===============================
tests/test_ladder.py::test_a10_step_budget_failure_reason
tests/test_ladder.py::test_a10_nonfinite_initial_state_fails
  /Users/rogeriojorge/local/spectrax-wt/nxconv/darkspectrax/_simulation.py:200: RuntimeWarning: invalid value encountered in subtract
    W = out["W"] - out["W"][0]  # work done in this segment (a restart carries W(t0) != 0)

tests/test_ladder.py::test_a10_step_budget_failure_reason
tests/test_ladder.py::test_a10_nonfinite_initial_state_fails
  /Users/rogeriojorge/local/spectrax-wt/nxconv/darkspectrax/_simulation.py:203: RuntimeWarning: invalid value encountered in subtract
    (out["U_gamma"] - out["U_gamma"][0]) + W[:, 0],

tests/test_ladder.py::test_a10_step_budget_failure_reason
tests/test_ladder.py::test_a10_nonfinite_initial_state_fails
  /Users/rogeriojorge/local/spectrax-wt/nxconv/darkspectrax/_simulation.py:204: RuntimeWarning: invalid value encountered in subtract
    (out["U_D"] - out["U_D"][0]) + W[:, 1])

-- Docs: https://docs.pytest.org/en/stable/how-to/capture-warnings.html
58 passed, 6 warnings in 64.81s (0:01:04)
exit 0 05:48:05 : .venv/bin/python -m pytest -q -n 2 tests
start 05:49:45 : .venv/bin/python studies/nxconv_grid_validate.py
g_vq0_Nx8_Nv512_dt0.02_lab_v8_spectral_landau0.3 done 1s
g_vq0_Nx8_Nv512_dt0.02_lab_v8_filtered_landau0.3 done 1s
g_vq0_Nx8_Nv512_dt0.02_lab_v8_pfc_landau0.3 done 1s
g_vq0_Nx8_Nv512_dt0.02_osc_v8_pfc_landau0.3 done 1s
g_vq0_Nx8_Nv512_dt0.02_lab_v8_spectral_landau0.5 done 1s
g_vq0_Nx8_Nv512_dt0.02_lab_v8_filtered_landau0.5 done 1s
g_vq0_Nx8_Nv512_dt0.02_lab_v8_pfc_landau0.5 done 1s
g_vq0_Nx8_Nv512_dt0.02_osc_v8_pfc_landau0.5 done 1s
g_vq0.1_Nx16_Nv4096_dt0.02_lab_v64_spectral done 22s
g_vq0.1_Nx16_Nv4096_dt0.02_lab_v64_pfc done 20s
g_vq0.1_Nx16_Nv4096_dt0.02_osc_v24_spectral done 18s
g_vq0.1_Nx16_Nv4096_dt0.02_osc_v24_pfc done 18s
g_vq0.1_Nx8_Nv2048_dt0.02_osc_v16_pfc_unseeded done 12s
g_vq0.1_Nx8_Nv2048_dt0.01_osc_v16_pfc_unseeded done 24s
{
 "landau_k0.3_spectral_lab": {
  "omega": 1.1610954897111168,
  "gamma": -0.012541054834049287,
  "exact_omega": 1.160009816256156,
  "exact_gamma": -0.0125998337674912,
  "rel_err_gamma": 0.004665056263961853,
  "note": "peaks of |E_k1| sampled every 0.02"
 },
 "landau_k0.3_filtered_lab": {
  "omega": 1.1610954897111168,
  "gamma": -0.012541054831678895,
  "exact_omega": 1.160009816256156,
  "exact_gamma": -0.0125998337674912,
  "rel_err_gamma": 0.004665056452090699,
  "note": "peaks of |E_k1| sampled every 0.02"
 },
 "landau_k0.3_pfc_lab": {
  "omega": 1.1610954897111168,
  "gamma": -0.012541016593141151,
  "exact_omega": 1.160009816256156,
  "exact_gamma": -0.0125998337674912,
  "rel_err_gamma": 0.004668091296712418,
  "note": "peaks of |E_k1| sampled every 0.02"
 },
 "landau_k0.3_pfc_osc": {
  "omega": 1.1610954897111168,
  "gamma": -0.012541016593148276,
  "exact_omega": 1.160009816256156,
  "exact_gamma": -0.0125998337674912,
  "rel_err_gamma": 0.004668091296146981,
  "note": "peaks of |E_k1| sampled every 0.02"
 },
 "landau_k0.5_spectral_lab": {
  "omega": 1.4151318259413483,
  "gamma": -0.1520370346580146,
  "exact_omega": 1.4157518869570194,
  "exact_gamma": -0.15329188557035014,
  "rel_err_gamma": 0.008186023073997961,
  "note": "peaks of |E_k1| sampled every 0.02"
 },
 "landau_k0.5_filtered_lab": {
  "omega": 1.4151318259413483,
  "gamma": -0.15203703464875412,
  "exact_omega": 1.4157518869570194,
  "exact_gamma": -0.15329188557035014,
  "rel_err_gamma": 0.008186023134408749,
  "note": "peaks of |E_k1| sampled every 0.02"
 },
 "landau_k0.5_pfc_lab": {
  "omega": 1.4151318259413483,
  "gamma": -0.15203696741298775,
  "exact_omega": 1.4157518869570194,
  "exact_gamma": -0.15329188557035014,
  "rel_err_gamma": 0.00818646174709925,
  "note": "peaks of |E_k1| sampled every 0.02"
 },
 "landau_k0.5_pfc_osc": {
  "omega": 1.4151318259413483,
  "gamma": -0.15203696741255948,
  "exact_omega": 1.4157518869570194,
  "exact_gamma": -0.15329188557035014,
  "rel_err_gamma": 0.008186461749893126,
  "note": "peaks of |E_k1| sampled every 0.02"
 },
 "conservation_vq0.1_T100_lab_spectral": {
  "max_energy_defect_over_W": 2.043008492157282e-06,
  "max_mass_drift": 7.549516567451064e-15,
  "max_momentum": 5.290073934460793e-12,
  "min_f_rel": -8.893953930446858e-14,
  "wall_time": 22.20723837497644
 },
 "conservation_vq0.1_T100_lab_pfc": {
  "max_energy_defect_over_W": 2.0430794582438563e-06,
  "max_mass_drift": 1.7763568394002505e-15,
  "max_momentum": 1.2939177507220734e-11,
  "min_f_rel": -2.316048456407147e-63,
  "wall_time": 20.260019750043284
 },
 "conservation_vq0.1_T100_osc_spectral": {
  "max_energy_defect_over_W": 2.043008492163926e-06,
  "max_mass_drift": 3.552713678800501e-15,
  "max_momentum": 5.319605866915822e-12,
  "min_f_rel": -3.3768545928652156e-13,
  "wall_time": 17.719765125017148
 },
 "conservation_vq0.1_T100_osc_pfc": {
  "max_energy_defect_over_W": 2.0430084924886292e-06,
  "max_mass_drift": 7.771561172376096e-16,
  "max_momentum": 8.961720254774264e-13,
  "min_f_rel": -6.7536178943109e-67,
  "wall_time": 18.253238334029447
 },
 "unseeded_vq0.1_T200_osc_pfc_dt0.02": {
  "max_rel_dev_W_vs_exact_two_fluid": 0.00013663815607867225,
  "max_energy_defect_over_W": 8.081984142806467e-15
 },
 "unseeded_vq0.1_T200_osc_pfc_dt0.01": {
  "max_rel_dev_W_vs_exact_two_fluid": 3.353846009290784e-05,
  "max_energy_defect_over_W": 4.597975361441273e-15
 }
}
exit 0 05:51:48 : .venv/bin/python studies/nxconv_grid_validate.py
start 05:53:19 : .venv/bin/python studies/nxconv_run.py --vq 0.1 --Nx 32 --Nn 64 --T 1000 --chunk 250 --noise-floor 1e-14
{"case": "vq0.1_Nx32_Nn64_c1_nf1e-14", "part": 0, "t_start": 0.0, "t_end": 240.0, "status": "short", "failure_reason": null, "events": 0, "steps": 1950, "rejected": 628, "compile_time": 0.79059229104314, "run_time": 3.563082165957894, "wall_time": 15.416412916965783, "repository_commit": "2d4711abfca43b87665ab127ba1056527e56f7f8", "parent_commit": "16400f887f0609b7699cd5df5b1188fbfb74ef5e", "command": "python studies/nxconv_run.py --vq 0.1 --Nx 32 --Nn 64 --T 1000 --chunk 250 --noise-floor 1e-14"}
exit 0 05:53:46 : .venv/bin/python studies/nxconv_run.py --vq 0.1 --Nx 32 --Nn 64 --T 1000 --chunk 250 --noise-floor 1e-14
start 05:56:47 : .venv/bin/python studies/nxconv_run.py --vq 0.1 --Nx 32 --Nn 64 --T 1000 --chunk 240 --noise-floor 1e-14
{"case": "vq0.1_Nx32_Nn64_c1_nf1e-14", "part": 1, "t_start": 240.0, "t_end": 480.0, "status": "success", "failure_reason": null, "events": 9, "steps": 8285, "rejected": 3004, "compile_time": 0.7857319999602623, "run_time": 15.395665289950557, "wall_time": 27.578553332947195, "repository_commit": "db706c83bb8109b5bacb775247e0366ad5d08549", "parent_commit": "16400f887f0609b7699cd5df5b1188fbfb74ef5e", "command": "python studies/nxconv_run.py --vq 0.1 --Nx 32 --Nn 64 --T 1000 --chunk 240 --noise-floor 1e-14"}
exit 0 05:57:25 : .venv/bin/python studies/nxconv_run.py --vq 0.1 --Nx 32 --Nn 64 --T 1000 --chunk 240 --noise-floor 1e-14
start 05:59:57 : .venv/bin/python studies/nxconv_run.py --vq 0.1 --Nx 32 --Nn 64 --T 1000 --chunk 240 --noise-floor 1e-14
{"case": "vq0.1_Nx32_Nn64_c1_nf1e-14", "part": 2, "t_start": 480.0, "t_end": 695.5, "status": "failure", "failure_reason": "segment 10: diffrax._solution.RESULTS<The maximum number of solver steps was reached. Try increasing `max_steps`.>", "events": 10, "steps": 212281, "rejected": 15711, "compile_time": 0.7878439599880949, "run_time": 392.3048587900121, "wall_time": 403.67223837500205, "repository_commit": "db706c83bb8109b5bacb775247e0366ad5d08549", "parent_commit": "16400f887f0609b7699cd5df5b1188fbfb74ef5e", "command": "python studies/nxconv_run.py --vq 0.1 --Nx 32 --Nn 64 --T 1000 --chunk 240 --noise-floor 1e-14"}
exit 0 06:06:49 : .venv/bin/python studies/nxconv_run.py --vq 0.1 --Nx 32 --Nn 64 --T 1000 --chunk 240 --noise-floor 1e-14
start 06:09:23 : .venv/bin/python studies/nxconv_run.py --vq 0.1 --Nx 32 --Nn 64 --T 1000 --chunk 240 --noise-floor 1e-14
vq0.1_Nx32_Nn64_c1_nf1e-14: nothing to do (failure, t_end 695.5)
exit 0 06:09:24 : .venv/bin/python studies/nxconv_run.py --vq 0.1 --Nx 32 --Nn 64 --T 1000 --chunk 240 --noise-floor 1e-14
start 06:11:57 : .venv/bin/python studies/nxconv_run.py --vq 0.1 --Nx 32 --Nn 64 --T 1000 --chunk 240 --noise-floor 1e-14
vq0.1_Nx32_Nn64_c1_nf1e-14: nothing to do (failure, t_end 695.5)
exit 0 06:11:58 : .venv/bin/python studies/nxconv_run.py --vq 0.1 --Nx 32 --Nn 64 --T 1000 --chunk 240 --noise-floor 1e-14
start 06:14:32 : .venv/bin/python studies/nxconv_run.py --vq 0.1 --Nx 32 --Nn 64 --T 1000 --chunk 240 --noise-floor 1e-14
vq0.1_Nx32_Nn64_c1_nf1e-14: nothing to do (failure, t_end 695.5)
exit 0 06:14:33 : .venv/bin/python studies/nxconv_run.py --vq 0.1 --Nx 32 --Nn 64 --T 1000 --chunk 240 --noise-floor 1e-14
start 06:15:46 : .venv/bin/python studies/nxconv_run.py --vq 0.1 --Nx 32 --Nn 64 --T 1000 --chunk 240 --noise-floor 1e-14
vq0.1_Nx32_Nn64_c1_nf1e-14: nothing to do (failure, t_end 695.5)
exit 0 06:15:47 : .venv/bin/python studies/nxconv_run.py --vq 0.1 --Nx 32 --Nn 64 --T 1000 --chunk 240 --noise-floor 1e-14
start 06:19:37 : .venv/bin/python studies/nxconv_run.py --vq 0.1 --Nx 32 --Nn 64 --T 1000 --chunk 240 --noise-floor 1e-14
vq0.1_Nx32_Nn64_c1_nf1e-14: nothing to do (failure, t_end 695.5)
exit 0 06:19:38 : .venv/bin/python studies/nxconv_run.py --vq 0.1 --Nx 32 --Nn 64 --T 1000 --chunk 240 --noise-floor 1e-14
start 06:22:16 : .venv/bin/python studies/nxconv_run.py --vq 0.1 --Nx 32 --Nn 64 --T 1000 --chunk 240 --noise-floor 1e-14
vq0.1_Nx32_Nn64_c1_nf1e-14: nothing to do (failure, t_end 695.5)
exit 0 06:22:17 : .venv/bin/python studies/nxconv_run.py --vq 0.1 --Nx 32 --Nn 64 --T 1000 --chunk 240 --noise-floor 1e-14
start 06:24:57 : .venv/bin/python studies/nxconv_run.py --vq 0.1 --Nx 64 --Nn 64 --T 1000 --chunk 240 --noise-floor 1e-14
{"case": "vq0.1_Nx64_Nn64_c1_nf1e-14", "part": 1, "t_start": 200.0, "t_end": 440.0, "status": "success", "failure_reason": null, "events": 8, "steps": 4883, "rejected": 1697, "compile_time": 0.8156527089886367, "run_time": 15.318107124883682, "wall_time": 27.716255917039234, "repository_commit": "7c11024c544a5c2ea52191b2c40be174ee20939a", "parent_commit": "16400f887f0609b7699cd5df5b1188fbfb74ef5e", "command": "python studies/nxconv_run.py --vq 0.1 --Nx 64 --Nn 64 --T 1000 --chunk 240 --noise-floor 1e-14"}
exit 0 06:25:34 : .venv/bin/python studies/nxconv_run.py --vq 0.1 --Nx 64 --Nn 64 --T 1000 --chunk 240 --noise-floor 1e-14
start 06:27:08 : .venv/bin/python studies/nxconv_run.py --vq 0.1 --Nx 64 --Nn 64 --T 1000 --chunk 240 --noise-floor 1e-14
{"case": "vq0.1_Nx64_Nn64_c1_nf1e-14", "part": 2, "t_start": 440.0, "t_end": 620.0, "status": "failure", "failure_reason": "segment 8: positivity lost at t = 618", "events": 8, "steps": 9991, "rejected": 3490, "compile_time": 0.8550074589438736, "run_time": 31.303269958123565, "wall_time": 41.87432579201413, "repository_commit": "7c11024c544a5c2ea52191b2c40be174ee20939a", "parent_commit": "16400f887f0609b7699cd5df5b1188fbfb74ef5e", "command": "python studies/nxconv_run.py --vq 0.1 --Nx 64 --Nn 64 --T 1000 --chunk 240 --noise-floor 1e-14"}
exit 0 06:27:58 : .venv/bin/python studies/nxconv_run.py --vq 0.1 --Nx 64 --Nn 64 --T 1000 --chunk 240 --noise-floor 1e-14
start 06:33:15 : .venv/bin/python studies/nxconv_run.py --vq 0.1 --Nx 64 --Nn 64 --T 1000 --chunk 240 --noise-floor 1e-14
vq0.1_Nx64_Nn64_c1_nf1e-14: nothing to do (failure, t_end 620)
exit 0 06:33:16 : .venv/bin/python studies/nxconv_run.py --vq 0.1 --Nx 64 --Nn 64 --T 1000 --chunk 240 --noise-floor 1e-14
start 06:38:13 : .venv/bin/python studies/nxconv_run.py --vq 0.1 --Nx 64 --Nn 64 --T 1000 --chunk 240 --noise-floor 1e-14
vq0.1_Nx64_Nn64_c1_nf1e-14: nothing to do (failure, t_end 620)
exit 0 06:38:14 : .venv/bin/python studies/nxconv_run.py --vq 0.1 --Nx 64 --Nn 64 --T 1000 --chunk 240 --noise-floor 1e-14
start 06:43:07 : .venv/bin/python studies/nxconv_run.py --vq 0.1 --Nx 64 --Nn 64 --T 1000 --chunk 240 --noise-floor 1e-14
vq0.1_Nx64_Nn64_c1_nf1e-14: nothing to do (failure, t_end 620)
exit 0 06:43:08 : .venv/bin/python studies/nxconv_run.py --vq 0.1 --Nx 64 --Nn 64 --T 1000 --chunk 240 --noise-floor 1e-14
start 06:45:32 : .venv/bin/python studies/nxconv_run.py --vq 0.1 --Nx 64 --Nn 64 --T 1000 --chunk 240 --noise-floor 1e-14
vq0.1_Nx64_Nn64_c1_nf1e-14: nothing to do (failure, t_end 620)
exit 0 06:45:32 : .venv/bin/python studies/nxconv_run.py --vq 0.1 --Nx 64 --Nn 64 --T 1000 --chunk 240 --noise-floor 1e-14
start 07:01:31 : .venv/bin/python studies/nxconv_run.py --vq 0.1 --Nx 64 --Nn 64 --T 1000 --chunk 240 --noise-floor 1e-14
vq0.1_Nx64_Nn64_c1_nf1e-14: nothing to do (failure, t_end 620)
exit 0 07:01:32 : .venv/bin/python studies/nxconv_run.py --vq 0.1 --Nx 64 --Nn 64 --T 1000 --chunk 240 --noise-floor 1e-14
start 07:06:44 : .venv/bin/python studies/nxconv_run.py --vq 0.1 --Nx 64 --Nn 64 --T 1000 --chunk 240 --noise-floor 1e-14
vq0.1_Nx64_Nn64_c1_nf1e-14: nothing to do (failure, t_end 620)
exit 0 07:06:45 : .venv/bin/python studies/nxconv_run.py --vq 0.1 --Nx 64 --Nn 64 --T 1000 --chunk 240 --noise-floor 1e-14
start 07:08:03 : .venv/bin/python studies/nxconv_run.py --vq 0.1 --Nx 128 --Nn 64 --T 1000 --chunk 240 --noise-floor 1e-14
{"case": "vq0.1_Nx128_Nn64_c1_nf1e-14", "part": 0, "t_start": 0.0, "t_end": 240.0, "status": "success", "failure_reason": null, "events": 0, "steps": 1696, "rejected": 510, "compile_time": 0.8052240420365706, "run_time": 8.877444874029607, "wall_time": 20.13692970899865, "repository_commit": "b109d5e1c30c6a57c02efcbac5d7993a70a92164", "parent_commit": "16400f887f0609b7699cd5df5b1188fbfb74ef5e", "command": "python studies/nxconv_run.py --vq 0.1 --Nx 128 --Nn 64 --T 1000 --chunk 240 --noise-floor 1e-14"}
exit 0 07:08:33 : .venv/bin/python studies/nxconv_run.py --vq 0.1 --Nx 128 --Nn 64 --T 1000 --chunk 240 --noise-floor 1e-14
start 07:09:50 : .venv/bin/python studies/nxconv_run.py --vq 0.1 --Nx 128 --Nn 64 --T 1000 --chunk 240 --noise-floor 1e-14
{"case": "vq0.1_Nx128_Nn64_c1_nf1e-14", "part": 1, "t_start": 240.0, "t_end": 480.0, "status": "success", "failure_reason": null, "events": 9, "steps": 5888, "rejected": 2166, "compile_time": 0.8477860829443671, "run_time": 29.679531001951545, "wall_time": 41.90173508296721, "repository_commit": "b109d5e1c30c6a57c02efcbac5d7993a70a92164", "parent_commit": "16400f887f0609b7699cd5df5b1188fbfb74ef5e", "command": "python studies/nxconv_run.py --vq 0.1 --Nx 128 --Nn 64 --T 1000 --chunk 240 --noise-floor 1e-14"}
exit 0 07:10:42 : .venv/bin/python studies/nxconv_run.py --vq 0.1 --Nx 128 --Nn 64 --T 1000 --chunk 240 --noise-floor 1e-14
start 07:11:59 : .venv/bin/python studies/nxconv_run.py --vq 0.1 --Nx 128 --Nn 64 --T 1000 --chunk 240 --noise-floor 1e-14
{"case": "vq0.1_Nx128_Nn64_c1_nf1e-14", "part": 2, "t_start": 480.0, "t_end": 560.0, "status": "failure", "failure_reason": "segment 3: positivity lost at t = 555.5", "events": 3, "steps": 13031, "rejected": 2318, "compile_time": 0.8203337500453927, "run_time": 65.79051829100354, "wall_time": 71.92390220903326, "repository_commit": "b109d5e1c30c6a57c02efcbac5d7993a70a92164", "parent_commit": "16400f887f0609b7699cd5df5b1188fbfb74ef5e", "command": "python studies/nxconv_run.py --vq 0.1 --Nx 128 --Nn 64 --T 1000 --chunk 240 --noise-floor 1e-14"}
exit 0 07:13:15 : .venv/bin/python studies/nxconv_run.py --vq 0.1 --Nx 128 --Nn 64 --T 1000 --chunk 240 --noise-floor 1e-14
start 07:13:18 : .venv/bin/python studies/nxconv_run.py --vq 0.1 --Nx 128 --Nn 64 --T 1000 --chunk 240 --noise-floor 1e-14
vq0.1_Nx128_Nn64_c1_nf1e-14: nothing to do (failure, t_end 560)
exit 0 07:13:19 : .venv/bin/python studies/nxconv_run.py --vq 0.1 --Nx 128 --Nn 64 --T 1000 --chunk 240 --noise-floor 1e-14
start 07:13:22 : .venv/bin/python studies/nxconv_run.py --vq 0.1 --Nx 128 --Nn 64 --T 1000 --chunk 240 --noise-floor 1e-14
vq0.1_Nx128_Nn64_c1_nf1e-14: nothing to do (failure, t_end 560)
exit 0 07:13:23 : .venv/bin/python studies/nxconv_run.py --vq 0.1 --Nx 128 --Nn 64 --T 1000 --chunk 240 --noise-floor 1e-14
start 07:15:59 : .venv/bin/python studies/nxconv_run.py --vq 0.1 --Nx 128 --Nn 64 --T 1000 --chunk 240 --noise-floor 1e-14
vq0.1_Nx128_Nn64_c1_nf1e-14: nothing to do (failure, t_end 560)
exit 0 07:16:00 : .venv/bin/python studies/nxconv_run.py --vq 0.1 --Nx 128 --Nn 64 --T 1000 --chunk 240 --noise-floor 1e-14
start 07:21:00 : .venv/bin/python studies/nxconv_run.py --vq 0.1 --Nx 128 --Nn 64 --T 1000 --chunk 240 --noise-floor 1e-14
vq0.1_Nx128_Nn64_c1_nf1e-14: nothing to do (failure, t_end 560)
exit 0 07:21:01 : .venv/bin/python studies/nxconv_run.py --vq 0.1 --Nx 128 --Nn 64 --T 1000 --chunk 240 --noise-floor 1e-14
start 07:28:35 : .venv/bin/python studies/nxconv_run.py --vq 0.1 --Nx 128 --Nn 64 --T 1000 --chunk 240 --noise-floor 1e-14
vq0.1_Nx128_Nn64_c1_nf1e-14: nothing to do (failure, t_end 560)
exit 0 07:28:36 : .venv/bin/python studies/nxconv_run.py --vq 0.1 --Nx 128 --Nn 64 --T 1000 --chunk 240 --noise-floor 1e-14
start 07:31:18 : .venv/bin/python studies/nxconv_run.py --vq 0.03 --Nx 32 --Nn 64 --T 1000 --chunk 240 --noise-floor 1e-14
{"case": "vq0.03_Nx32_Nn64_c1_nf1e-14", "part": 0, "t_start": 0.0, "t_end": 240.0, "status": "success", "failure_reason": null, "events": 0, "steps": 1433, "rejected": 493, "compile_time": 0.8056382060749456, "run_time": 2.681011167995166, "wall_time": 14.071888499951456, "repository_commit": "e21d56d0309d0c7be9e05dbf48937cb89443d2d6", "parent_commit": "16400f887f0609b7699cd5df5b1188fbfb74ef5e", "command": "python studies/nxconv_run.py --vq 0.03 --Nx 32 --Nn 64 --T 1000 --chunk 240 --noise-floor 1e-14"}
exit 0 07:31:42 : .venv/bin/python studies/nxconv_run.py --vq 0.03 --Nx 32 --Nn 64 --T 1000 --chunk 240 --noise-floor 1e-14
start 07:36:15 : .venv/bin/python studies/nxconv_run.py --vq 0.03 --Nx 32 --Nn 64 --T 1000 --chunk 240 --noise-floor 1e-14
{"case": "vq0.03_Nx32_Nn64_c1_nf1e-14", "part": 1, "t_start": 240.0, "t_end": 480.0, "status": "success", "failure_reason": null, "events": 3, "steps": 2994, "rejected": 1042, "compile_time": 0.8020033309003338, "run_time": 5.659940918150824, "wall_time": 17.67868620797526, "repository_commit": "e21d56d0309d0c7be9e05dbf48937cb89443d2d6", "parent_commit": "16400f887f0609b7699cd5df5b1188fbfb74ef5e", "command": "python studies/nxconv_run.py --vq 0.03 --Nx 32 --Nn 64 --T 1000 --chunk 240 --noise-floor 1e-14"}
exit 0 07:36:42 : .venv/bin/python studies/nxconv_run.py --vq 0.03 --Nx 32 --Nn 64 --T 1000 --chunk 240 --noise-floor 1e-14
start 07:37:19 : .venv/bin/python studies/nxconv_run.py --vq 0.03 --Nx 32 --Nn 64 --T 1000 --chunk 240 --noise-floor 1e-14
{"case": "vq0.03_Nx32_Nn64_c1_nf1e-14", "part": 2, "t_start": 480.0, "t_end": 720.0, "status": "success", "failure_reason": null, "events": 10, "steps": 7150, "rejected": 2435, "compile_time": 0.8022099161171354, "run_time": 13.497528040898032, "wall_time": 25.558338250033557, "repository_commit": "e21d56d0309d0c7be9e05dbf48937cb89443d2d6", "parent_commit": "16400f887f0609b7699cd5df5b1188fbfb74ef5e", "command": "python studies/nxconv_run.py --vq 0.03 --Nx 32 --Nn 64 --T 1000 --chunk 240 --noise-floor 1e-14"}
exit 0 07:37:54 : .venv/bin/python studies/nxconv_run.py --vq 0.03 --Nx 32 --Nn 64 --T 1000 --chunk 240 --noise-floor 1e-14
start 07:40:32 : .venv/bin/python studies/nxconv_run.py --vq 0.03 --Nx 32 --Nn 64 --T 1000 --chunk 240 --noise-floor 1e-14
{"case": "vq0.03_Nx32_Nn64_c1_nf1e-14", "part": 3, "t_start": 720.0, "t_end": 960.0, "status": "failure", "failure_reason": "segment 11: positivity lost at t = 942", "events": 10, "steps": 12569, "rejected": 4111, "compile_time": 0.7933038329938427, "run_time": 23.802180999016855, "wall_time": 35.82028062501922, "repository_commit": "e21d56d0309d0c7be9e05dbf48937cb89443d2d6", "parent_commit": "16400f887f0609b7699cd5df5b1188fbfb74ef5e", "command": "python studies/nxconv_run.py --vq 0.03 --Nx 32 --Nn 64 --T 1000 --chunk 240 --noise-floor 1e-14"}
exit 0 07:41:17 : .venv/bin/python studies/nxconv_run.py --vq 0.03 --Nx 32 --Nn 64 --T 1000 --chunk 240 --noise-floor 1e-14
start 07:43:53 : .venv/bin/python studies/nxconv_run.py --vq 0.03 --Nx 32 --Nn 64 --T 1000 --chunk 240 --noise-floor 1e-14
vq0.03_Nx32_Nn64_c1_nf1e-14: nothing to do (failure, t_end 960)
exit 0 07:43:54 : .venv/bin/python studies/nxconv_run.py --vq 0.03 --Nx 32 --Nn 64 --T 1000 --chunk 240 --noise-floor 1e-14
start 07:43:57 : .venv/bin/python studies/nxconv_run.py --vq 0.03 --Nx 32 --Nn 64 --T 1000 --chunk 240 --noise-floor 1e-14
vq0.03_Nx32_Nn64_c1_nf1e-14: nothing to do (failure, t_end 960)
exit 0 07:43:58 : .venv/bin/python studies/nxconv_run.py --vq 0.03 --Nx 32 --Nn 64 --T 1000 --chunk 240 --noise-floor 1e-14
start 07:44:35 : .venv/bin/python studies/nxconv_run.py --vq 0.03 --Nx 32 --Nn 64 --T 1000 --chunk 240 --noise-floor 1e-14
vq0.03_Nx32_Nn64_c1_nf1e-14: nothing to do (failure, t_end 960)
exit 0 07:44:36 : .venv/bin/python studies/nxconv_run.py --vq 0.03 --Nx 32 --Nn 64 --T 1000 --chunk 240 --noise-floor 1e-14
start 07:49:44 : .venv/bin/python studies/nxconv_run.py --vq 0.03 --Nx 32 --Nn 64 --T 1000 --chunk 240 --noise-floor 1e-14
vq0.03_Nx32_Nn64_c1_nf1e-14: nothing to do (failure, t_end 960)
exit 0 07:49:45 : .venv/bin/python studies/nxconv_run.py --vq 0.03 --Nx 32 --Nn 64 --T 1000 --chunk 240 --noise-floor 1e-14
start 07:52:19 : .venv/bin/python studies/nxconv_run.py --vq 0.03 --Nx 64 --Nn 64 --T 1000 --chunk 240 --noise-floor 1e-14
{"case": "vq0.03_Nx64_Nn64_c1_nf1e-14", "part": 0, "t_start": 0.0, "t_end": 240.0, "status": "success", "failure_reason": null, "events": 0, "steps": 1383, "rejected": 488, "compile_time": 0.7793142060982063, "run_time": 4.401798208942637, "wall_time": 15.486226541979704, "repository_commit": "e21d56d0309d0c7be9e05dbf48937cb89443d2d6", "parent_commit": "16400f887f0609b7699cd5df5b1188fbfb74ef5e", "command": "python studies/nxconv_run.py --vq 0.03 --Nx 64 --Nn 64 --T 1000 --chunk 240 --noise-floor 1e-14"}
exit 0 07:52:44 : .venv/bin/python studies/nxconv_run.py --vq 0.03 --Nx 64 --Nn 64 --T 1000 --chunk 240 --noise-floor 1e-14
start 07:52:47 : .venv/bin/python studies/nxconv_run.py --vq 0.03 --Nx 64 --Nn 64 --T 1000 --chunk 240 --noise-floor 1e-14
{"case": "vq0.03_Nx64_Nn64_c1_nf1e-14", "part": 1, "t_start": 240.0, "t_end": 480.0, "status": "success", "failure_reason": null, "events": 3, "steps": 2880, "rejected": 1012, "compile_time": 0.7867145389900543, "run_time": 9.132151168014389, "wall_time": 21.099833499989472, "repository_commit": "e21d56d0309d0c7be9e05dbf48937cb89443d2d6", "parent_commit": "16400f887f0609b7699cd5df5b1188fbfb74ef5e", "command": "python studies/nxconv_run.py --vq 0.03 --Nx 64 --Nn 64 --T 1000 --chunk 240 --noise-floor 1e-14"}
exit 0 07:53:18 : .venv/bin/python studies/nxconv_run.py --vq 0.03 --Nx 64 --Nn 64 --T 1000 --chunk 240 --noise-floor 1e-14
start 07:53:21 : .venv/bin/python studies/nxconv_run.py --vq 0.03 --Nx 64 --Nn 64 --T 1000 --chunk 240 --noise-floor 1e-14
{"case": "vq0.03_Nx64_Nn64_c1_nf1e-14", "part": 2, "t_start": 480.0, "t_end": 720.0, "status": "success", "failure_reason": null, "events": 10, "steps": 5408, "rejected": 1899, "compile_time": 0.8471842909930274, "run_time": 16.9250327089685, "wall_time": 29.330238083028235, "repository_commit": "e21d56d0309d0c7be9e05dbf48937cb89443d2d6", "parent_commit": "16400f887f0609b7699cd5df5b1188fbfb74ef5e", "command": "python studies/nxconv_run.py --vq 0.03 --Nx 64 --Nn 64 --T 1000 --chunk 240 --noise-floor 1e-14"}
exit 0 07:54:00 : .venv/bin/python studies/nxconv_run.py --vq 0.03 --Nx 64 --Nn 64 --T 1000 --chunk 240 --noise-floor 1e-14
start 07:54:03 : .venv/bin/python studies/nxconv_run.py --vq 0.03 --Nx 64 --Nn 64 --T 1000 --chunk 240 --noise-floor 1e-14
{"case": "vq0.03_Nx64_Nn64_c1_nf1e-14", "part": 3, "t_start": 720.0, "t_end": 900.0, "status": "failure", "failure_reason": "segment 8: positivity lost at t = 892", "events": 8, "steps": 10693, "rejected": 3280, "compile_time": 0.7930719170253724, "run_time": 33.5333382509416, "wall_time": 43.73251324996818, "repository_commit": "e21d56d0309d0c7be9e05dbf48937cb89443d2d6", "parent_commit": "16400f887f0609b7699cd5df5b1188fbfb74ef5e", "command": "python studies/nxconv_run.py --vq 0.03 --Nx 64 --Nn 64 --T 1000 --chunk 240 --noise-floor 1e-14"}
exit 0 07:54:55 : .venv/bin/python studies/nxconv_run.py --vq 0.03 --Nx 64 --Nn 64 --T 1000 --chunk 240 --noise-floor 1e-14
start 07:57:46 : .venv/bin/python studies/nxconv_run.py --vq 0.03 --Nx 64 --Nn 64 --T 1000 --chunk 240 --noise-floor 1e-14
vq0.03_Nx64_Nn64_c1_nf1e-14: nothing to do (failure, t_end 900)
exit 0 07:57:47 : .venv/bin/python studies/nxconv_run.py --vq 0.03 --Nx 64 --Nn 64 --T 1000 --chunk 240 --noise-floor 1e-14
start 08:01:13 : .venv/bin/python studies/nxconv_run.py --vq 0.03 --Nx 64 --Nn 64 --T 1000 --chunk 240 --noise-floor 1e-14
vq0.03_Nx64_Nn64_c1_nf1e-14: nothing to do (failure, t_end 900)
exit 0 08:01:15 : .venv/bin/python studies/nxconv_run.py --vq 0.03 --Nx 64 --Nn 64 --T 1000 --chunk 240 --noise-floor 1e-14
start 08:04:43 : .venv/bin/python studies/nxconv_run.py --vq 0.03 --Nx 64 --Nn 64 --T 1000 --chunk 240 --noise-floor 1e-14
vq0.03_Nx64_Nn64_c1_nf1e-14: nothing to do (failure, t_end 900)
exit 0 08:04:44 : .venv/bin/python studies/nxconv_run.py --vq 0.03 --Nx 64 --Nn 64 --T 1000 --chunk 240 --noise-floor 1e-14
start 08:08:06 : .venv/bin/python studies/nxconv_run.py --vq 0.03 --Nx 64 --Nn 64 --T 1000 --chunk 240 --noise-floor 1e-14
vq0.03_Nx64_Nn64_c1_nf1e-14: nothing to do (failure, t_end 900)
exit 0 08:08:08 : .venv/bin/python studies/nxconv_run.py --vq 0.03 --Nx 64 --Nn 64 --T 1000 --chunk 240 --noise-floor 1e-14
start 08:09:52 : .venv/bin/python studies/nxconv_run.py --vq 0.03 --Nx 128 --Nn 64 --T 1000 --chunk 240 --noise-floor 1e-14
{"case": "vq0.03_Nx128_Nn64_c1_nf1e-14", "part": 0, "t_start": 0.0, "t_end": 240.0, "status": "success", "failure_reason": null, "events": 0, "steps": 1259, "rejected": 419, "compile_time": 1.0035416649770923, "run_time": 7.4525476259877905, "wall_time": 21.16510520898737, "repository_commit": "e21d56d0309d0c7be9e05dbf48937cb89443d2d6", "parent_commit": "16400f887f0609b7699cd5df5b1188fbfb74ef5e", "command": "python studies/nxconv_run.py --vq 0.03 --Nx 128 --Nn 64 --T 1000 --chunk 240 --noise-floor 1e-14"}
exit 0 08:10:25 : .venv/bin/python studies/nxconv_run.py --vq 0.03 --Nx 128 --Nn 64 --T 1000 --chunk 240 --noise-floor 1e-14
start 08:13:54 : .venv/bin/python studies/nxconv_run.py --vq 0.03 --Nx 128 --Nn 64 --T 1000 --chunk 240 --noise-floor 1e-14
{"case": "vq0.03_Nx128_Nn64_c1_nf1e-14", "part": 1, "t_start": 240.0, "t_end": 480.0, "status": "success", "failure_reason": null, "events": 3, "steps": 2761, "rejected": 971, "compile_time": 1.1211435850709677, "run_time": 15.948966624040622, "wall_time": 30.808285459002946, "repository_commit": "e7dfbc7515263e07ae847551e97d3bb81f11d4f3", "parent_commit": "16400f887f0609b7699cd5df5b1188fbfb74ef5e", "command": "python studies/nxconv_run.py --vq 0.03 --Nx 128 --Nn 64 --T 1000 --chunk 240 --noise-floor 1e-14"}
exit 0 08:14:36 : .venv/bin/python studies/nxconv_run.py --vq 0.03 --Nx 128 --Nn 64 --T 1000 --chunk 240 --noise-floor 1e-14
start 08:15:07 : .venv/bin/python studies/nxconv_run.py --vq 0.03 --Nx 128 --Nn 64 --T 1000 --chunk 240 --noise-floor 1e-14
{"case": "vq0.03_Nx128_Nn64_c1_nf1e-14", "part": 2, "t_start": 480.0, "t_end": 720.0, "status": "success", "failure_reason": null, "events": 10, "steps": 5783, "rejected": 2171, "compile_time": 0.9976687488378957, "run_time": 33.323724042100366, "wall_time": 48.1223317499971, "repository_commit": "e7dfbc7515263e07ae847551e97d3bb81f11d4f3", "parent_commit": "16400f887f0609b7699cd5df5b1188fbfb74ef5e", "command": "python studies/nxconv_run.py --vq 0.03 --Nx 128 --Nn 64 --T 1000 --chunk 240 --noise-floor 1e-14"}
exit 0 08:16:07 : .venv/bin/python studies/nxconv_run.py --vq 0.03 --Nx 128 --Nn 64 --T 1000 --chunk 240 --noise-floor 1e-14
start 08:18:33 : .venv/bin/python studies/nxconv_run.py --vq 0.03 --Nx 128 --Nn 64 --T 1000 --chunk 240 --noise-floor 1e-14
exit 124 08:33:33 : .venv/bin/python studies/nxconv_run.py --vq 0.03 --Nx 128 --Nn 64 --T 1000 --chunk 240 --noise-floor 1e-14
start 08:35:53 : .venv/bin/python studies/nxconv_run.py --vq 0.1 --Nx 64 --Nn 128 --T 1000 --chunk 240 --noise-floor 1e-14
{"case": "vq0.1_Nx64_Nn128_c1_nf1e-14", "part": 0, "t_start": 0.0, "t_end": 240.0, "status": "success", "failure_reason": null, "events": 0, "steps": 1431, "rejected": 334, "compile_time": 0.8976300829672255, "run_time": 8.433382376970258, "wall_time": 21.410030207945965, "repository_commit": "e7dfbc7515263e07ae847551e97d3bb81f11d4f3", "parent_commit": "16400f887f0609b7699cd5df5b1188fbfb74ef5e", "command": "python studies/nxconv_run.py --vq 0.1 --Nx 64 --Nn 128 --T 1000 --chunk 240 --noise-floor 1e-14"}
exit 0 08:36:26 : .venv/bin/python studies/nxconv_run.py --vq 0.1 --Nx 64 --Nn 128 --T 1000 --chunk 240 --noise-floor 1e-14
start 08:37:54 : .venv/bin/python studies/nxconv_run.py --vq 0.1 --Nx 64 --Nn 128 --T 1000 --chunk 240 --noise-floor 1e-14
